addAttachmentToCard,0
addChecklistToCard,1
addMemberToBoard,2
addMemberToCard,3
addMemberToOrganization,4
addToOrganizationBoard,5
commentCard,6
copyCommentCard,7
convertToCardFromCheckItem,8
copyBoard,9
createBoard,10
createCard,11
copyCard,12
createList,13
createOrganization,14
deleteAttachmentFromCard,15
deleteBoardInvitation,16
deleteCard,17
deleteOrganizationInvitation,18
disablePowerUp,19
emailCard,20
enablePowerUp,21
makeAdminOfBoard,22
makeNormalMemberOfBoard,23
makeNormalMemberOfOrganization,24
makeObserverOfBoard,25
memberJoinedTrello,26
moveCardFromBoard,27
moveListFromBoard,28
moveCardToBoard,29
moveListToBoard,30
removeAdminFromBoard,31
removeAdminFromOrganization,32
removeChecklistFromCard,33
removeFromOrganizationBoard,34
removeMemberFromCard,35
unconfirmedBoardInvitation,36
unconfirmedOrganizationInvitation,37
updateBoard,38
updateCard,39
updateCheckItemStateOnCard,40
updateChecklist,41
updateList,42
updateMember,43
updateOrganization,44
updateCard:idList,45
updateCard:closed,46
updateCard:desc,47
updateCard:name,48
updateList:closed,49
updateList:name,50